O resultado é 15.
O resultado é 60.
Não é possível realizar a operação.
Não é possível realizar a operação.
O resultado é 16.
Não é possível realizar a operação.
Não é possível realizar a operação.
O resultado é 18.
O resultado é 24.
Não é possível realizar a operação.
O resultado é 6.0.
O resultado é 50.0.
O resultado é 2.
O resultado é 120.
O resultado é 40320.
