É um quadrado mágico.
Matriz inválida.
É um quadrado mágico.
Não é um quadrado mágico.